[172.17.0.2/wordpress/index.html]
[backblue.gif]
[fade.gif]
[index.html]
[172.17.0.2/wordpress/wp-content/themes/MonsterBear/stylee819.css]
[172.17.0.2/wordpress/wp-content/themes/MonsterBear/css/genericons/genericonse819.css]
[172.17.0.2/wordpress/index.php/feed/index.html]
[172.17.0.2/wordpress/index.php/comments/feed/index.html]
[172.17.0.2/wordpress/wp-includes/js/jquery/jquery-migrate.min1576.js]
[172.17.0.2/wordpress/wp-content/themes/MonsterBear/js/navigatione819.js]
[172.17.0.2/wordpress/xmlrpc0db0.php]
[172.17.0.2/wordpress/wp-includes/wlwmanifest.xml]
[172.17.0.2/wordpress/wp-includes/js/jquery/jqueryc1d8.js]
[172.17.0.2/wordpress/index.html]
[172.17.0.2/wordpress/wp-content/uploads/2015/07/P_20150708_120614.jpg]
[172.17.0.2/wordpress/index.php/events/index.html]
[172.17.0.2/wordpress/index.php/about/index.html]
[172.17.0.2/wordpress/index.php/contact/index.html]
[172.17.0.2/wordpress/index.php/events/the-new-event/index.html]
[gmpg.org/xfn/11.html]
[172.17.0.2/wordpress/xmlrpc.php]
[fonts.googleapis.com/css00ca.css]
[172.17.0.2/wordpress/index.php/events/index.html]
[172.17.0.2/wordpress/index.php/about/index.html]
[172.17.0.2/wordpress/index.php/contact/index.html]
[172.17.0.2/wordpress/index.php/events/the-new-event/index.html]
[gmpg.org/xfn/.html]
[gmpg.org/xfn/intro.html]
[gmpg.org/xfn/faq.html]
[172.17.0.2/wordpress/index.php/events/feed/index.html]
[172.17.0.2/wordpress/index2df4.html]
[172.17.0.2/wordpress/index5c7e.html]
[172.17.0.2/wordpress/index0345.html]
[172.17.0.2/wordpress/wp-content/themes/MonsterBear/stylee819.css]
[172.17.0.2/wordpress/wp-content/themes/MonsterBear/css/genericons/Genericons.eot]
[172.17.0.2/wordpress/wp-content/themes/MonsterBear/css/genericons/genericonse819.css]
[172.17.0.2/wordpress/index.php/events/index.html]
[gmpg.org/xfn/default.css]
[172.17.0.2/wordpress/wp-content/themes/MonsterBear/css/genericons/Genericons.html]
[172.17.0.2/wordpress/wp-content/themes/MonsterBear/css/genericons/Genericons.svg]
